// Jest Snapshot v1, https://goo.gl/fbAQLP

exports[`snapshot test of Box 1`] = `
<DocumentFragment>
  <div
    class="Box-Div"
    style="height: 4em; width: 4em; background-color: green;"
  />
  <button
    class="Box-Button"
    style="width: 4em; background-color: green;"
  >
    X
  </button>
</DocumentFragment>
`;
